{
  "version": "1.5.0",
  "plugins_used": [
    {
      "name": "ArtifactoryDetector"
    },
    {
      "name": "AWSKeyDetector"
    },
    {
      "name": "AzureStorageKeyDetector"
    },
    {
      "name": "Base64HighEntropyString",
      "limit": 4.5
    },
    {
      "name": "BasicAuthDetector"
    },
    {
      "name": "CloudantDetector"
    },
    {
      "name": "DiscordBotTokenDetector"
    },
    {
      "name": "GitHubTokenDetector"
    },
    {
      "name": "GitLabTokenDetector"
    },
    {
      "name": "HexHighEntropyString",
      "limit": 3.0
    },
    {
      "name": "IbmCloudIamDetector"
    },
    {
      "name": "IbmCosHmacDetector"
    },
    {
      "name": "IPPublicDetector"
    },
    {
      "name": "JwtTokenDetector"
    },
    {
      "name": "KeywordDetector",
      "keyword_exclude": ""
    },
    {
      "name": "MailchimpDetector"
    },
    {
      "name": "NpmDetector"
    },
    {
      "name": "OpenAIDetector"
    },
    {
      "name": "PrivateKeyDetector"
    },
    {
      "name": "PypiTokenDetector"
    },
    {
      "name": "SendGridDetector"
    },
    {
      "name": "SlackDetector"
    },
    {
      "name": "SoftlayerDetector"
    },
    {
      "name": "SquareOAuthDetector"
    },
    {
      "name": "StripeDetector"
    },
    {
      "name": "TelegramBotTokenDetector"
    },
    {
      "name": "TwilioKeyDetector"
    }
  ],
  "filters_used": [
    {
      "path": "detect_secrets.filters.allowlist.is_line_allowlisted"
    },
    {
      "path": "detect_secrets.filters.common.is_ignored_due_to_verification_policies",
      "min_level": 2
    },
    {
      "path": "detect_secrets.filters.heuristic.is_indirect_reference"
    },
    {
      "path": "detect_secrets.filters.heuristic.is_likely_id_string"
    },
    {
      "path": "detect_secrets.filters.heuristic.is_lock_file"
    },
    {
      "path": "detect_secrets.filters.heuristic.is_not_alphanumeric_string"
    },
    {
      "path": "detect_secrets.filters.heuristic.is_potential_uuid"
    },
    {
      "path": "detect_secrets.filters.heuristic.is_prefixed_with_dollar_sign"
    },
    {
      "path": "detect_secrets.filters.heuristic.is_sequential_string"
    },
    {
      "path": "detect_secrets.filters.heuristic.is_swagger_file"
    },
    {
      "path": "detect_secrets.filters.heuristic.is_templated_secret"
    },
    {
      "path": "detect_secrets.filters.regex.should_exclude_file",
      "pattern": [
        "\\.secrets\\.baseline$"
      ]
    }
  ],
  "results": {
    ".github/workflows/secret-baseline.yml": [
      {
        "type": "Secret Keyword",
        "filename": ".github/workflows/secret-baseline.yml",
        "hashed_secret": "ccb8a92ab3056d30ea20f40112624d6bd06a3afe",
        "is_verified": false,
        "line_number": 20
      }
    ],
    ".github/workflows/security-pr.yml": [
      {
        "type": "Secret Keyword",
        "filename": ".github/workflows/security-pr.yml",
        "hashed_secret": "163772257c0c52ab0f72443bca402c6da7bcbbc7",
        "is_verified": false,
        "line_number": 30
      }
    ],
    ".github/workflows/security-weekly.yml": [
      {
        "type": "Secret Keyword",
        "filename": ".github/workflows/security-weekly.yml",
        "hashed_secret": "d94dcbb78427feb1d4d6d4dac2cd417780606945",
        "is_verified": false,
        "line_number": 34
      }
    ],
    "app/routes/session.js": [
      {
        "type": "Secret Keyword",
        "filename": "app/routes/session.js",
        "hashed_secret": "97ff6884d6ff311da211b0e940033ce43e5221b2",
        "is_verified": false,
        "line_number": 61
      },
      {
        "type": "Secret Keyword",
        "filename": "app/routes/session.js",
        "hashed_secret": "00e39e637ce08a818b278215355a2c29ae9ef67c",
        "is_verified": false,
        "line_number": 172
      }
    ],
    "app/views/tutorial/a2.html": [
      {
        "type": "Secret Keyword",
        "filename": "app/views/tutorial/a2.html",
        "hashed_secret": "fb61e5a7668be1dd3d76f091be99ac0e1571b232",
        "is_verified": false,
        "line_number": 153
      }
    ],
    "app/views/tutorial/a3.html": [
      {
        "type": "Secret Keyword",
        "filename": "app/views/tutorial/a3.html",
        "hashed_secret": "fb61e5a7668be1dd3d76f091be99ac0e1571b232",
        "is_verified": false,
        "line_number": 176
      }
    ],
    "artifacts/cert/server.key": [
      {
        "type": "Private Key",
        "filename": "artifacts/cert/server.key",
        "hashed_secret": "be4fc4886bd949b369d5e092eb87494f12e57e5b",
        "is_verified": false,
        "line_number": 1
      }
    ],
    "artifacts/db-reset.js": [
      {
        "type": "Secret Keyword",
        "filename": "artifacts/db-reset.js",
        "hashed_secret": "11cdd27919381d9f194136b6b3d3a0803dd6a5c9",
        "is_verified": false,
        "line_number": 18
      },
      {
        "type": "Secret Keyword",
        "filename": "artifacts/db-reset.js",
        "hashed_secret": "b445db7b96ebf38dc1a09aa328a22837fc8eae11",
        "is_verified": false,
        "line_number": 27
      },
      {
        "type": "Secret Keyword",
        "filename": "artifacts/db-reset.js",
        "hashed_secret": "094dd5737d4a3019bd07ec0b63b76e9a1d05b820",
        "is_verified": false,
        "line_number": 35
      }
    ],
    "config/env/all.js": [
      {
        "type": "Secret Keyword",
        "filename": "config/env/all.js",
        "hashed_secret": "989c731240a6f1586c9b55295e65673820de2e0d",
        "is_verified": false,
        "line_number": 8
      }
    ],
    "config/env/development.js": [
      {
        "type": "Secret Keyword",
        "filename": "config/env/development.js",
        "hashed_secret": "8937915b52514e35eb9aa56e20d91c60326cc67b",
        "is_verified": false,
        "line_number": 6
      }
    ],
    "config/env/test.js": [
      {
        "type": "Secret Keyword",
        "filename": "config/env/test.js",
        "hashed_secret": "8937915b52514e35eb9aa56e20d91c60326cc67b",
        "is_verified": false,
        "line_number": 6
      }
    ],
    "test/security/profile-test.js": [
      {
        "type": "Secret Keyword",
        "filename": "test/security/profile-test.js",
        "hashed_secret": "b445db7b96ebf38dc1a09aa328a22837fc8eae11",
        "is_verified": false,
        "line_number": 37
      }
    ]
  },
  "generated_at": "2026-09-24T08:02:31Z"
}
